// Jest Snapshot v1, https://goo.gl/fbAQLP

exports[`Hero renders correctly 1`] = `
<DocumentFragment>
  <section
    class="sc-bdfBwQ iAWJTK"
    id="hero"
  >
    <div
      class="hero-text"
    >
      <h1
        class="title"
        data-testid="hero-title"
      >
        Ola 
        <span
          aria-label="emoji"
          role="img"
        >
          ðŸ‘‹
        </span>
        <br />
        I'm Niko Bentley
      </h1>
      <h2
        class="subtitle"
      >
        I build and design  
        <span
          class="highlighted"
        >
          things for the web
        </span>
        .
      </h2>
      <div
        class="description"
      >
        <p>
          Web Developer with a passion for learning.
          <br />
          
Based in Halifax, Nova Scotia.
        </p>
      </div>
    </div>
    <div
      class="hero-image"
    >
      <div
        class="me gatsby-image-wrapper"
        style="position: relative; overflow: hidden;"
      >
        <div
          aria-hidden="true"
          style="width: 100%;"
        />
        <picture>
          <source
            sizes="(max-width: 2100px) 100vw, 2100px"
            srcset="/static/c392e3865190c633b0435677eecb6f43/f5db0/me.webp 525w,
/static/c392e3865190c633b0435677eecb6f43/565e9/me.webp 1050w,
/static/c392e3865190c633b0435677eecb6f43/90b9d/me.webp 2100w"
            type="image/webp"
          />
          <img
            alt="A picture of me at the beach in SÃ£o Jacinto, Portugal."
            loading="lazy"
            sizes="(max-width: 2100px) 100vw, 2100px"
            src="/static/c392e3865190c633b0435677eecb6f43/6ed45/me.jpg"
            style="position: absolute; top: 0px; left: 0px; width: 100%; height: 100%; object-fit: cover; object-position: center; opacity: 0; transition: opacity 500ms;"
          />
        </picture>
        <noscript>
          &lt;picture&gt;&lt;source type='image/webp' srcset="/static/c392e3865190c633b0435677eecb6f43/f5db0/me.webp 525w,
/static/c392e3865190c633b0435677eecb6f43/565e9/me.webp 1050w,
/static/c392e3865190c633b0435677eecb6f43/90b9d/me.webp 2100w" sizes="(max-width: 2100px) 100vw, 2100px" /&gt;&lt;source srcset="undefined" sizes="(max-width: 2100px) 100vw, 2100px" /&gt;&lt;img loading="lazy" sizes="(max-width: 2100px) 100vw, 2100px" src="/static/c392e3865190c633b0435677eecb6f43/6ed45/me.jpg" alt="A picture of me at the beach in SÃ£o Jacinto, Portugal." style="position:absolute;top:0;left:0;opacity:1;width:100%;height:100%;object-fit:cover;object-position:center"/&gt;&lt;/picture&gt;
        </noscript>
      </div>
    </div>
  </section>
</DocumentFragment>
`;
